2026-05-20T09:57:40.396Z [ERROR] Error: data and hash arguments required
    at Object.compare (C:\Users\T14 G2\OneDrive\Documents\Belajar\marketplace-backend\node_modules\bcrypt\bcrypt.js:204:17)
    at C:\Users\T14 G2\OneDrive\Documents\Belajar\marketplace-backend\node_modules\bcrypt\promises.js:26:12
    at new Promise (<anonymous>)
    at Object.promise (C:\Users\T14 G2\OneDrive\Documents\Belajar\marketplace-backend\node_modules\bcrypt\promises.js:17:12)
    at Object.compare (C:\Users\T14 G2\OneDrive\Documents\Belajar\marketplace-backend\node_modules\bcrypt\bcrypt.js:200:25)
    at exports.login (C:\Users\T14 G2\OneDrive\Documents\Belajar\marketplace-backend\controllers\authController.js:43:38)
    at process.processTicksAndRejections (node:internal/process/task_queues:103:5)
2026-05-20T09:58:31.338Z [ERROR] data and hash arguments required
2026-05-20T09:59:24.309Z [ERROR] Error: data and hash arguments required
    at Object.compare (C:\Users\T14 G2\OneDrive\Documents\Belajar\marketplace-backend\node_modules\bcrypt\bcrypt.js:204:17)
    at C:\Users\T14 G2\OneDrive\Documents\Belajar\marketplace-backend\node_modules\bcrypt\promises.js:26:12
    at new Promise (<anonymous>)
    at Object.promise (C:\Users\T14 G2\OneDrive\Documents\Belajar\marketplace-backend\node_modules\bcrypt\promises.js:17:12)
    at Object.compare (C:\Users\T14 G2\OneDrive\Documents\Belajar\marketplace-backend\node_modules\bcrypt\bcrypt.js:200:25)
    at exports.login (C:\Users\T14 G2\OneDrive\Documents\Belajar\marketplace-backend\controllers\authController.js:43:38)
    at process.processTicksAndRejections (node:internal/process/task_queues:103:5)
2026-05-21T10:05:16.635Z [ERROR] Error: data and hash arguments required
    at Object.compare (C:\Users\T14 G2\OneDrive\Documents\Belajar\marketplace-backend\node_modules\bcrypt\bcrypt.js:204:17)
    at C:\Users\T14 G2\OneDrive\Documents\Belajar\marketplace-backend\node_modules\bcrypt\promises.js:26:12
    at new Promise (<anonymous>)
    at Object.promise (C:\Users\T14 G2\OneDrive\Documents\Belajar\marketplace-backend\node_modules\bcrypt\promises.js:17:12)
    at Object.compare (C:\Users\T14 G2\OneDrive\Documents\Belajar\marketplace-backend\node_modules\bcrypt\bcrypt.js:200:25)
    at exports.login (C:\Users\T14 G2\OneDrive\Documents\Belajar\marketplace-backend\controllers\authController.js:43:38)
    at process.processTicksAndRejections (node:internal/process/task_queues:103:5)
2026-05-21T12:46:23.679Z [ERROR] Error: SASL: SCRAM-SERVER-FIRST-MESSAGE: client password must be a string
    at C:\Users\T14 G2\OneDrive\Documents\Belajar\marketplace-backend\node_modules\pg-pool\index.js:45:11
    at process.processTicksAndRejections (node:internal/process/task_queues:103:5)
    at async exports.getAllProducts (C:\Users\T14 G2\OneDrive\Documents\Belajar\marketplace-backend\services\productService.js:4:20)
    at async exports.getAllProducts (C:\Users\T14 G2\OneDrive\Documents\Belajar\marketplace-backend\controllers\productController.js:42:24)
2026-05-23T10:29:50.585Z [ERROR] Error: data and salt arguments required
    at Object.hash (C:\Users\T14 G2\OneDrive\Documents\Belajar\marketplace-backend\node_modules\bcrypt\bcrypt.js:133:17)
    at C:\Users\T14 G2\OneDrive\Documents\Belajar\marketplace-backend\node_modules\bcrypt\promises.js:26:12
    at new Promise (<anonymous>)
    at Object.promise (C:\Users\T14 G2\OneDrive\Documents\Belajar\marketplace-backend\node_modules\bcrypt\promises.js:17:12)
    at Object.hash (C:\Users\T14 G2\OneDrive\Documents\Belajar\marketplace-backend\node_modules\bcrypt\bcrypt.js:129:25)
    at exports.register (C:\Users\T14 G2\OneDrive\Documents\Belajar\marketplace-backend\controllers\authController.js:13:45)
    at Layer.handleRequest (C:\Users\T14 G2\OneDrive\Documents\Belajar\marketplace-backend\node_modules\router\lib\layer.js:152:17)
    at next (C:\Users\T14 G2\OneDrive\Documents\Belajar\marketplace-backend\node_modules\router\lib\route.js:157:13)
    at Route.dispatch (C:\Users\T14 G2\OneDrive\Documents\Belajar\marketplace-backend\node_modules\router\lib\route.js:117:3)
    at handle (C:\Users\T14 G2\OneDrive\Documents\Belajar\marketplace-backend\node_modules\router\index.js:435:11)
2026-05-23T10:30:14.514Z [ERROR] Error: data and salt arguments required
    at Object.hash (C:\Users\T14 G2\OneDrive\Documents\Belajar\marketplace-backend\node_modules\bcrypt\bcrypt.js:133:17)
    at C:\Users\T14 G2\OneDrive\Documents\Belajar\marketplace-backend\node_modules\bcrypt\promises.js:26:12
    at new Promise (<anonymous>)
    at Object.promise (C:\Users\T14 G2\OneDrive\Documents\Belajar\marketplace-backend\node_modules\bcrypt\promises.js:17:12)
    at Object.hash (C:\Users\T14 G2\OneDrive\Documents\Belajar\marketplace-backend\node_modules\bcrypt\bcrypt.js:129:25)
    at exports.register (C:\Users\T14 G2\OneDrive\Documents\Belajar\marketplace-backend\controllers\authController.js:13:45)
    at Layer.handleRequest (C:\Users\T14 G2\OneDrive\Documents\Belajar\marketplace-backend\node_modules\router\lib\layer.js:152:17)
    at next (C:\Users\T14 G2\OneDrive\Documents\Belajar\marketplace-backend\node_modules\router\lib\route.js:157:13)
    at Route.dispatch (C:\Users\T14 G2\OneDrive\Documents\Belajar\marketplace-backend\node_modules\router\lib\route.js:117:3)
    at handle (C:\Users\T14 G2\OneDrive\Documents\Belajar\marketplace-backend\node_modules\router\index.js:435:11)
2026-05-23T10:35:09.017Z [ERROR] Error: data and salt arguments required
    at Object.hash (C:\Users\T14 G2\OneDrive\Documents\Belajar\marketplace-backend\node_modules\bcrypt\bcrypt.js:133:17)
    at C:\Users\T14 G2\OneDrive\Documents\Belajar\marketplace-backend\node_modules\bcrypt\promises.js:26:12
    at new Promise (<anonymous>)
    at Object.promise (C:\Users\T14 G2\OneDrive\Documents\Belajar\marketplace-backend\node_modules\bcrypt\promises.js:17:12)
    at Object.hash (C:\Users\T14 G2\OneDrive\Documents\Belajar\marketplace-backend\node_modules\bcrypt\bcrypt.js:129:25)
    at exports.register (C:\Users\T14 G2\OneDrive\Documents\Belajar\marketplace-backend\controllers\authController.js:13:45)
    at Layer.handleRequest (C:\Users\T14 G2\OneDrive\Documents\Belajar\marketplace-backend\node_modules\router\lib\layer.js:152:17)
    at next (C:\Users\T14 G2\OneDrive\Documents\Belajar\marketplace-backend\node_modules\router\lib\route.js:157:13)
    at Route.dispatch (C:\Users\T14 G2\OneDrive\Documents\Belajar\marketplace-backend\node_modules\router\lib\route.js:117:3)
    at handle (C:\Users\T14 G2\OneDrive\Documents\Belajar\marketplace-backend\node_modules\router\index.js:435:11)
2026-05-23T11:33:39.645Z [ERROR] ReferenceError: shcema is not defined
    at C:\Users\T14 G2\OneDrive\Documents\Belajar\marketplace-backend\middlewares\validate.js:3:27
    at Layer.handleRequest (C:\Users\T14 G2\OneDrive\Documents\Belajar\marketplace-backend\node_modules\router\lib\layer.js:152:17)
    at next (C:\Users\T14 G2\OneDrive\Documents\Belajar\marketplace-backend\node_modules\router\lib\route.js:157:13)
    at Route.dispatch (C:\Users\T14 G2\OneDrive\Documents\Belajar\marketplace-backend\node_modules\router\lib\route.js:117:3)
    at handle (C:\Users\T14 G2\OneDrive\Documents\Belajar\marketplace-backend\node_modules\router\index.js:435:11)
    at Layer.handleRequest (C:\Users\T14 G2\OneDrive\Documents\Belajar\marketplace-backend\node_modules\router\lib\layer.js:152:17)
    at C:\Users\T14 G2\OneDrive\Documents\Belajar\marketplace-backend\node_modules\router\index.js:295:15
    at processParams (C:\Users\T14 G2\OneDrive\Documents\Belajar\marketplace-backend\node_modules\router\index.js:582:12)
    at next (C:\Users\T14 G2\OneDrive\Documents\Belajar\marketplace-backend\node_modules\router\index.js:291:5)
    at router.handle (C:\Users\T14 G2\OneDrive\Documents\Belajar\marketplace-backend\node_modules\router\index.js:186:3)
2026-05-24T11:26:43.438Z [ERROR] ReferenceError: response is not defined
    at exports.getAllProducts (C:\Users\T14 G2\OneDrive\Documents\Belajar\marketplace-backend\controllers\productController.js:28:9)
    at process.processTicksAndRejections (node:internal/process/task_queues:103:5)
2026-05-24T11:26:46.401Z [ERROR] ReferenceError: response is not defined
    at exports.getAllProducts (C:\Users\T14 G2\OneDrive\Documents\Belajar\marketplace-backend\controllers\productController.js:28:9)
    at process.processTicksAndRejections (node:internal/process/task_queues:103:5)
2026-05-24T11:26:49.983Z [ERROR] ReferenceError: response is not defined
    at exports.getAllProducts (C:\Users\T14 G2\OneDrive\Documents\Belajar\marketplace-backend\controllers\productController.js:28:9)
    at process.processTicksAndRejections (node:internal/process/task_queues:103:5)
2026-05-24T11:26:51.134Z [ERROR] ReferenceError: response is not defined
    at exports.getAllProducts (C:\Users\T14 G2\OneDrive\Documents\Belajar\marketplace-backend\controllers\productController.js:28:9)
    at process.processTicksAndRejections (node:internal/process/task_queues:103:5)
2026-05-24T11:29:52.322Z [ERROR] TypeError: res.status is not a function
    at exports.success (C:\Users\T14 G2\OneDrive\Documents\Belajar\marketplace-backend\utils\response.js:2:16)
    at exports.getAllProducts (C:\Users\T14 G2\OneDrive\Documents\Belajar\marketplace-backend\controllers\productController.js:29:25)
    at process.processTicksAndRejections (node:internal/process/task_queues:103:5)
2026-05-24T11:32:39.019Z [ERROR] TypeError: res.status is not a function
    at exports.success (C:\Users\T14 G2\OneDrive\Documents\Belajar\marketplace-backend\utils\response.js:2:16)
    at exports.getAllProducts (C:\Users\T14 G2\OneDrive\Documents\Belajar\marketplace-backend\controllers\productController.js:29:25)
    at process.processTicksAndRejections (node:internal/process/task_queues:103:5)
2026-05-24T11:32:41.617Z [ERROR] TypeError: res.status is not a function
    at exports.success (C:\Users\T14 G2\OneDrive\Documents\Belajar\marketplace-backend\utils\response.js:2:16)
    at exports.getAllProducts (C:\Users\T14 G2\OneDrive\Documents\Belajar\marketplace-backend\controllers\productController.js:29:25)
    at process.processTicksAndRejections (node:internal/process/task_queues:103:5)
2026-05-24T11:34:47.461Z [ERROR] TypeError: Spread syntax requires ...iterable[Symbol.iterator] to be a function
    at exports.getAllProducts (C:\Users\T14 G2\OneDrive\Documents\Belajar\marketplace-backend\controllers\productController.js:29:25)
    at process.processTicksAndRejections (node:internal/process/task_queues:103:5)
2026-05-24T11:35:01.828Z [ERROR] TypeError: Spread syntax requires ...iterable[Symbol.iterator] to be a function
    at exports.getAllProducts (C:\Users\T14 G2\OneDrive\Documents\Belajar\marketplace-backend\controllers\productController.js:29:25)
    at process.processTicksAndRejections (node:internal/process/task_queues:103:5)
2026-05-24T11:35:03.009Z [ERROR] TypeError: Spread syntax requires ...iterable[Symbol.iterator] to be a function
    at exports.getAllProducts (C:\Users\T14 G2\OneDrive\Documents\Belajar\marketplace-backend\controllers\productController.js:29:25)
    at process.processTicksAndRejections (node:internal/process/task_queues:103:5)
2026-05-25T11:12:43.316Z [ERROR] Error: data and hash arguments required
    at Object.compare (C:\Users\T14 G2\OneDrive\Documents\Belajar\marketplace-backend\node_modules\bcrypt\bcrypt.js:204:17)
    at C:\Users\T14 G2\OneDrive\Documents\Belajar\marketplace-backend\node_modules\bcrypt\promises.js:26:12
    at new Promise (<anonymous>)
    at Object.promise (C:\Users\T14 G2\OneDrive\Documents\Belajar\marketplace-backend\node_modules\bcrypt\promises.js:17:12)
    at Object.compare (C:\Users\T14 G2\OneDrive\Documents\Belajar\marketplace-backend\node_modules\bcrypt\bcrypt.js:200:25)
    at exports.login (C:\Users\T14 G2\OneDrive\Documents\Belajar\marketplace-backend\controllers\authController.js:43:38)
    at process.processTicksAndRejections (node:internal/process/task_queues:103:5)
2026-05-25T11:14:39.889Z [ERROR] SyntaxError: Bad control character in string literal in JSON at position 58 (line 3 column 24)
    at JSON.parse (<anonymous>)
    at parse (C:\Users\T14 G2\OneDrive\Documents\Belajar\marketplace-backend\node_modules\body-parser\lib\types\json.js:72:19)
    at C:\Users\T14 G2\OneDrive\Documents\Belajar\marketplace-backend\node_modules\body-parser\lib\read.js:162:18
    at AsyncResource.runInAsyncScope (node:async_hooks:214:14)
    at invokeCallback (C:\Users\T14 G2\OneDrive\Documents\Belajar\marketplace-backend\node_modules\raw-body\index.js:238:16)
    at done (C:\Users\T14 G2\OneDrive\Documents\Belajar\marketplace-backend\node_modules\raw-body\index.js:227:7)
    at IncomingMessage.onEnd (C:\Users\T14 G2\OneDrive\Documents\Belajar\marketplace-backend\node_modules\raw-body\index.js:287:7)
    at IncomingMessage.emit (node:events:508:28)
    at endReadableNT (node:internal/streams/readable:1701:12)
    at process.processTicksAndRejections (node:internal/process/task_queues:89:21)
2026-05-25T12:24:42.670Z [ERROR] Error: User tidak ditemukan
    at exports.login (C:\Users\T14 G2\OneDrive\Documents\Belajar\marketplace-backend\controllers\authController.js:39:19)
    at process.processTicksAndRejections (node:internal/process/task_queues:103:5)
2026-05-25T12:33:29.249Z [ERROR] Error: User tidak ditemukan
    at exports.login (C:\Users\T14 G2\OneDrive\Documents\Belajar\marketplace-backend\controllers\authController.js:39:19)
    at process.processTicksAndRejections (node:internal/process/task_queues:103:5)
2026-05-25T12:34:16.052Z [ERROR] Error: User tidak ditemukan
    at exports.login (C:\Users\T14 G2\OneDrive\Documents\Belajar\marketplace-backend\controllers\authController.js:39:19)
    at process.processTicksAndRejections (node:internal/process/task_queues:103:5)
2026-05-25T12:34:28.732Z [ERROR] Error: data and hash arguments required
    at Object.compare (C:\Users\T14 G2\OneDrive\Documents\Belajar\marketplace-backend\node_modules\bcrypt\bcrypt.js:204:17)
    at C:\Users\T14 G2\OneDrive\Documents\Belajar\marketplace-backend\node_modules\bcrypt\promises.js:26:12
    at new Promise (<anonymous>)
    at Object.promise (C:\Users\T14 G2\OneDrive\Documents\Belajar\marketplace-backend\node_modules\bcrypt\promises.js:17:12)
    at Object.compare (C:\Users\T14 G2\OneDrive\Documents\Belajar\marketplace-backend\node_modules\bcrypt\bcrypt.js:200:25)
    at exports.login (C:\Users\T14 G2\OneDrive\Documents\Belajar\marketplace-backend\controllers\authController.js:44:38)
    at process.processTicksAndRejections (node:internal/process/task_queues:103:5)
2026-05-25T12:37:00.318Z [ERROR] Error: User tidak ditemukan
    at exports.login (C:\Users\T14 G2\OneDrive\Documents\Belajar\marketplace-backend\controllers\authController.js:39:19)
    at process.processTicksAndRejections (node:internal/process/task_queues:103:5)
2026-05-26T10:15:33.912Z [ERROR] Error: User tidak ditemukan
    at exports.login (C:\Users\T14 G2\OneDrive\Documents\Belajar\marketplace-backend\controllers\authController.js:39:19)
    at process.processTicksAndRejections (node:internal/process/task_queues:103:5)
2026-05-26T11:03:06.993Z [ERROR] Error: User tidak ditemukan
    at exports.login (C:\Users\T14 G2\OneDrive\Documents\Belajar\marketplace-backend\controllers\authController.js:39:19)
    at process.processTicksAndRejections (node:internal/process/task_queues:103:5)
2026-05-27T09:40:50.239Z [ERROR] ReplyError: ERR Lua redis lib command arguments must be strings or integers script: d898c9a1b24ab7ed9510995fa28eb5874d0cf10e, on @user_script:495.
    at parseError (C:\Users\T14 G2\OneDrive\Documents\Belajar\marketplace-backend\node_modules\redis-parser\lib\parser.js:179:12)
    at parseType (C:\Users\T14 G2\OneDrive\Documents\Belajar\marketplace-backend\node_modules\redis-parser\lib\parser.js:302:14)
